
> starter_helpi@0.1.0 test
> react-scripts test --coverage

FAIL src/App.test.tsx
  ✕ renders learn react link (46 ms)

  ● renders learn react link

    TestingLibraryElementError: Unable to find an element with the text: /learn react/i. This could be because the text is broken up by multiple elements. In this case, you can provide a function for your text matcher to make your matcher more flexible.

    Ignored nodes: comments, script, style
    [36m<body>[39m
      [36m<div>[39m
        [36m<div[39m
          [33mclass[39m=[32m"App"[39m
        [36m>[39m
          [36m<div[39m
            [33mclass[39m=[32m"header"[39m
            [33mstyle[39m=[32m"display: flex; width: 100%; height: 70px; justify-content: space-between;"[39m
          [36m>[39m
            [36m<div[39m
              [33mclass[39m=[32m"titleStyledText"[39m
              [33mstyle[39m=[32m"display: flex; align-items: center;"[39m
            [36m>[39m
              [36m<img[39m
                [33malt[39m=[32m"Logo"[39m
                [33msrc[39m=[32m"LaunchPadLogo.png"[39m
                [33mstyle[39m=[32m"height: 55px; margin-right: 10px; margin-left: 10px;"[39m
              [36m/>[39m
              [36m<div[39m
                [33mclass[39m=[32m"titleStyledText"[39m
              [36m>[39m
                [0mLaunch Pad[0m
              [36m</div>[39m
            [36m</div>[39m
            [36m<div[39m
              [33mclass[39m=[32m"headerButtonStylesText"[39m
            [36m>[39m
              [0mBasic Report[0m
            [36m</div>[39m
          [36m</div>[39m
          [36m<div[39m
            [33mclass[39m=[32m"pageTop"[39m
          [36m>[39m
            [36m<h2[39m
              [33mclass[39m=[32m"styledText"[39m
            [36m>[39m
              [0mShoot for the moon!!![0m
            [36m</h2>[39m
          [36m</div>[39m
          [36m<div[39m
            [33mclass[39m=[32m"pageBody"[39m
          [36m>[39m
            [36m<div[39m
              [33mclass[39m=[32m"parallax-scrolling"[39m
            [36m>[39m
              [36m<div[39m
                [33mclass[39m=[32m"parallax-star-layer"[39m
                [33mid[39m=[32m"stars1"[39m
              [36m/>[39m
              [36m<div[39m
                [33mclass[39m=[32m"parallax-star-layer"[39m
                [33mid[39m=[32m"stars3"[39m
              [36m/>[39m
              [36m<div[39m
                [33mclass[39m=[32m"container"[39m
              [36m>[39m
                [36m<div[39m
                  [33mclass[39m=[32m"column"[39m
                [36m>[39m
                  [36m<button[39m
                    [33mclass[39m=[32m"customButton btn btn-primary"[39m
                    [33mtype[39m=[32m"button"[39m
                  [36m>[39m
                    [36m<h2>[39m
                      [0mThe Basic Quiz[0m
                    [36m</h2>[39m
                    [36m<h3>[39m
                      [0m(5 Mins)[0m
                    [36m</h3>[39m
                    [36m<p>[39m
                      [0mKickstart your career exploration with our Basic Career Questions! Designed to touch upon the surface aspects of various professions, these questions aim to quickly gauge your general interests, educational background, and work preferences. Perfect for those at the start of their career journey, these questions provide a straightforward way to discover potential career paths without delving into the complexities of each field.[0m
                    [36m</p>[39m
                  [36m</button>[39m
                [36m</div>[39m
                [36m<div[39m
                  [33mclass[39m=[32m"column"[39m
                [36m>[39m
                  [36m<button[39m
                    [33mclass[39m=[32m"customButton btn btn-primary"[39m
                    [33mtype[39m=[32m"button"[39m
                  [36m>[39m
                    [36m<h2>[39m
                      [0mThe Detailed Quiz[0m
                    [36m</h2>[39m
                    [36m<h3>[39m
                      [0m(10 Mins)[0m
                    [36m</h3>[39m
                    [36m<p>[39m
                      [0mReady to dive deeper into your career exploration? Our Detailed Career Questions are designed to provide a comprehensive overview of various professions, including the skills required, the educational background needed, and the day-to-day responsibilities of each job. Ideal for those who have a general idea of their career interests and are looking to explore potential career paths in more detail.[0m
                    [36m</p>[39m
                  [36m</button>[39m
                [36m</div>[39m
              [36m</div>[39m
            [36m</div>[39m
          [36m</div>[39m
          [36m<div[39m
            [33mclass[39m=[32m"footer"[39m
          [36m>[39m
            [36m<p>[39m
              [0m© 2024 Helpi. All rights reserved.[0m
            [36m</p>[39m
            [36m<div>[39m
              [36m<form[39m
                [33mclass[39m=[32m""[39m
              [36m>[39m
                [36m<label[39m
                  [33mclass[39m=[32m"form-label"[39m
                [36m>[39m
                  [0mAPI Key:[0m
                [36m</label>[39m
                [36m<input[39m
                  [33mclass[39m=[32m"formControl form-control"[39m
                  [33mplaceholder[39m=[32m"Insert API Key Here"[39m
                  [33mtype[39m=[32m"password"[39m
                [36m/>[39m
                [36m<button[39m
                  [33mclass[39m=[32m"Submit-Button btn btn-primary"[39m
                  [33mtype[39m=[32m"button"[39m
                [36m>[39m
                  [0mSubmit[0m
                [36m</button>[39m
              [36m</form>[39m
            [36m</div>[39m
          [36m</div>[39m
        [36m</div>[39m
      [36m</div>[39m
    [36m</body>[39m

       5 | test('renders learn react link', () => {
       6 |   render(<App />);
    >  7 |   const linkElement = screen.getByText(/learn react/i);
         |                              ^
       8 |   expect(linkElement).toBeInTheDocument();
       9 | });
      10 |

      at Object.getElementError (node_modules/@testing-library/react/node_modules/@testing-library/dom/dist/config.js:37:19)
      at node_modules/@testing-library/react/node_modules/@testing-library/dom/dist/query-helpers.js:76:38
      at node_modules/@testing-library/react/node_modules/@testing-library/dom/dist/query-helpers.js:52:17
      at getByText (node_modules/@testing-library/react/node_modules/@testing-library/dom/dist/query-helpers.js:95:19)
      at Object.<anonymous> (src/App.test.tsx:7:30)
      at TestScheduler.scheduleTests (node_modules/@jest/core/build/TestScheduler.js:333:13)
      at runJest (node_modules/@jest/core/build/runJest.js:404:19)
      at _run10000 (node_modules/@jest/core/build/cli/index.js:320:7)
      at runCLI (node_modules/@jest/core/build/cli/index.js:173:3)

-----------------------------|---------|----------|---------|---------|-------------------
File                         | % Stmts | % Branch | % Funcs | % Lines | Uncovered Line #s 
-----------------------------|---------|----------|---------|---------|-------------------
All files                    |    15.2 |     3.84 |    17.5 |   16.14 |                   
 src                         |   36.66 |    18.18 |   42.85 |   36.66 |                   
  ApiKey.tsx                 |      60 |       50 |   33.33 |      60 | 9,17-23           
  App.tsx                    |   55.55 |       20 |     100 |   55.55 | 18-20,24-26       
  index.tsx                  |       0 |      100 |     100 |       0 | 7-19              
  reportWebVitals.ts         |       0 |        0 |       0 |       0 | 3-10              
 src/pages                   |   10.63 |        0 |   12.12 |   11.45 |                   
  BasicQuestions.tsx         |    2.63 |        0 |       0 |    2.85 | 18-149            
  BasicReportTemplate.tsx    |      50 |      100 |       0 |      50 | 7                 
  DetailedQuestions.tsx      |    2.77 |        0 |       0 |    3.03 | 16-98             
  DetailedReportTemplate.tsx |      50 |      100 |       0 |      50 | 8                 
  Footer.tsx                 |       0 |      100 |       0 |       0 | 9-28              
  Header.tsx                 |      60 |      100 |   33.33 |      60 | 28-32             
  Home.tsx                   |   36.84 |        0 |      50 |   43.75 | 15-23,49-57       
  ProgressBarComponent.tsx   |   33.33 |        0 |       0 |   33.33 | 15-17             
  ReportResults.tsx          |       0 |        0 |       0 |       0 | 8-80              
-----------------------------|---------|----------|---------|---------|-------------------
Test Suites: 1 failed, 1 total
Tests:       1 failed, 1 total
Snapshots:   0 total
Time:        2.817 s
Ran all test suites.
